// Jest Snapshot v1, https://goo.gl/fbAQLP

exports[`News should match the snapshot 1`] = `ShallowWrapper {}`;
