// Jest Snapshot v1, https://goo.gl/fbAQLP

exports[`GenrePage should match the snapshot 1`] = `undefined`;
